// Jest Snapshot v1, https://goo.gl/fbAQLP

exports[`<Body /> Should match the snapshot 1`] = `null`;

exports[`<Nav /> Should match the snapshot 1`] = `null`;

exports[`<Progress /> Should match the snapshot 1`] = `ShallowWrapper {}`;

exports[`<QuizActive /> Should match the snapshot 1`] = `null`;

exports[`<QuizResult /> Should match the snapshot 1`] = `null`;
