// Jest Snapshot v1, https://goo.gl/fbAQLP

exports[`<Login /> Should match the snapshot 1`] = `
<main
  className={Object {}}
>
  <div
    className="MuiPaper-root MuiPaper-elevation1 MuiPaper-rounded"
  >
    <div
      className="MuiAvatar-root MuiAvatar-circular"
    >
      <img
        className="MuiAvatar-img"
        src="/logo.jpg"
      />
    </div>
    <h1
      className="MuiTypography-root MuiTypography-h5"
    >
      Sign in
    </h1>
    <form
      onSubmit={[Function]}
    >
      <div
        className="MuiFormControl-root MuiFormControl-marginNormal MuiFormControl-fullWidth"
      >
        <label
          className="MuiFormLabel-root MuiInputLabel-root MuiInputLabel-formControl MuiInputLabel-animated Mui-required Mui-required"
          data-shrink={false}
          htmlFor="email"
        >
          Email Address
          <span
            aria-hidden={true}
            className="MuiFormLabel-asterisk MuiInputLabel-asterisk"
          >
             
            *
          </span>
        </label>
        <div
          className="MuiInputBase-root MuiInput-root MuiInput-underline MuiInputBase-formControl MuiInput-formControl"
          onClick={[Function]}
        >
          <input
            aria-invalid={false}
            autoComplete="off"
            autoFocus={true}
            className="MuiInputBase-input MuiInput-input"
            disabled={false}
            id="email"
            name="email"
            onAnimationStart={[Function]}
            onBlur={[Function]}
            onChange={[Function]}
            onFocus={[Function]}
            required={true}
            type="text"
            value=""
          />
        </div>
      </div>
      <div
        className="MuiFormControl-root MuiFormControl-marginNormal MuiFormControl-fullWidth"
      >
        <label
          className="MuiFormLabel-root MuiInputLabel-root MuiInputLabel-formControl MuiInputLabel-animated Mui-required Mui-required"
          data-shrink={false}
          htmlFor="password"
        >
          Password
          <span
            aria-hidden={true}
            className="MuiFormLabel-asterisk MuiInputLabel-asterisk"
          >
             
            *
          </span>
        </label>
        <div
          className="MuiInputBase-root MuiInput-root MuiInput-underline MuiInputBase-formControl MuiInput-formControl"
          onClick={[Function]}
        >
          <input
            aria-invalid={false}
            autoComplete="off"
            className="MuiInputBase-input MuiInput-input"
            disabled={false}
            id="password"
            name="password"
            onAnimationStart={[Function]}
            onBlur={[Function]}
            onChange={[Function]}
            onFocus={[Function]}
            required={true}
            type="password"
            value=""
          />
        </div>
      </div>
      <button
        className="MuiButtonBase-root MuiButton-root MuiButton-contained MuiButton-containedPrimary MuiButton-fullWidth"
        disabled={false}
        onBlur={[Function]}
        onClick={[Function]}
        onDragLeave={[Function]}
        onFocus={[Function]}
        onKeyDown={[Function]}
        onKeyUp={[Function]}
        onMouseDown={[Function]}
        onMouseLeave={[Function]}
        onMouseUp={[Function]}
        onTouchEnd={[Function]}
        onTouchMove={[Function]}
        onTouchStart={[Function]}
        tabIndex={0}
        type="submit"
      >
        <span
          className="MuiButton-label"
        >
          Sign in
        </span>
      </button>
      <a
        aria-disabled={false}
        className="MuiButtonBase-root MuiButton-root MuiButton-contained MuiButton-containedSecondary MuiButton-fullWidth"
        href="/register"
        onBlur={[Function]}
        onClick={[Function]}
        onDragLeave={[Function]}
        onFocus={[Function]}
        onKeyDown={[Function]}
        onKeyUp={[Function]}
        onMouseDown={[Function]}
        onMouseLeave={[Function]}
        onMouseUp={[Function]}
        onTouchEnd={[Function]}
        onTouchMove={[Function]}
        onTouchStart={[Function]}
        role="button"
        tabIndex={0}
      >
        <span
          className="MuiButton-label"
        >
          Register
        </span>
      </a>
    </form>
  </div>
</main>
`;
