// Jest Snapshot v1, https://goo.gl/fbAQLP

exports[`<AuthMenu /> Should match the snapshot 1`] = `ShallowWrapper {}`;

exports[`<Header /> Should match the snapshot 1`] = `ShallowWrapper {}`;
