// Jest Snapshot v1, https://goo.gl/fbAQLP

exports[`<ModalDialog /> Should match the snapshot 1`] = `<div />`;
