// Jest Snapshot v1, https://goo.gl/fbAQLP

exports[`<AdminContent /> Should match the snapshot 1`] = `
<div
  className="MuiPaper-root AdminContent-root-1 MuiPaper-elevation1 MuiPaper-rounded"
>
  <h1
    className="MuiTypography-root MuiTypography-h6"
  >
    Questions
  </h1>
  <ul
    className="MuiList-root MuiList-padding"
  />
</div>
`;

exports[`<Questions /> Should match the snapshot 1`] = `
<ul
  className="MuiList-root MuiList-padding"
/>
`;
