// Jest Snapshot v1, https://goo.gl/fbAQLP

exports[`<ProtectedRoute /> Should match the snapshot 1`] = `ShallowWrapper {}`;
