// Jest Snapshot v1, https://goo.gl/fbAQLP

exports[`<ErrorBoundary /> should match the snapshot 1`] = `
Array [
  <h1>
    TEST
  </h1>,
  ")",
]
`;
